<html>
<body>
<pre>
<h1>µVision Build Log</h1>
<h2>Tool Versions:</h2>
IDE-Version: µVision V5.36.0.0
Copyright (C) 2021 ARM Ltd and ARM Germany GmbH. All rights reserved.
License Information: Yogesh Kumar, Yogi, LIC=----
 
Tool Versions:
Toolchain:       MDK-Lite  Version: 5.36.0.0
Toolchain Path:  C:\Keil_v5\ARM\ARMCLANG\Bin
C Compiler:      ArmClang.exe V6.16
Assembler:       Armasm.exe V6.16
Linker/Locator:  ArmLink.exe V6.16
Library Manager: ArmAr.exe V6.16
Hex Converter:   FromElf.exe V6.16
CPU DLL:         SARMCM3.DLL V5.36.0.0
Dialog DLL:      DARMSTM.DLL V1.68.0.0
Target DLL:      UL2CM3.DLL V1.164.0.0
Dialog DLL:      TCM.DLL V1.53.0.0
 
<h2>Project:</h2>
D:\Embedded\stm\code\Segment\addition_two_digit\addition.uvprojx
Project File Date:  04/21/2022

<h2>Output:</h2>
*** Using Compiler 'V6.16', folder: 'C:\Keil_v5\ARM\ARMCLANG\Bin'
Build target 'Target 1'
compiling addition.c...
addition.c(2): warning: no previous extern declaration for non-static variable 'count' [-Wmissing-variable-declarations]
int count=0,i,a,b;
    ^
addition.c(2): note: declare 'static' if the variable is not intended to be used outside of this translation unit
int count=0,i,a,b;
^
addition.c(3): warning: no previous extern declaration for non-static variable 'seg' [-Wmissing-variable-declarations]
char seg[20]={0X3F,0X06,0X5B,0X4F,0X66,0X6D,0X7D,0X07,0X7F,0X6F};
     ^
addition.c(3): note: declare 'static' if the variable is not intended to be used outside of this translation unit
char seg[20]={0X3F,0X06,0X5B,0X4F,0X66,0X6D,0X7D,0X07,0X7F,0X6F};
^
addition.c(4): warning: no previous prototype for function 'delay' [-Wmissing-prototypes]
void delay(unsigned int ms)
     ^
addition.c(4): note: declare 'static' if the function is not intended to be used outside of this translation unit
void delay(unsigned int ms)
^
static 
addition.c(55): warning: no newline at end of file [-Wnewline-eof]
                                
                                ^
addition.c(2): warning: no previous extern declaration for non-static variable 'i' [-Wmissing-variable-declarations]
int count=0,i,a,b;
            ^
addition.c(2): note: declare 'static' if the variable is not intended to be used outside of this translation unit
int count=0,i,a,b;
^
addition.c(2): warning: no previous extern declaration for non-static variable 'a' [-Wmissing-variable-declarations]
int count=0,i,a,b;
              ^
addition.c(2): note: declare 'static' if the variable is not intended to be used outside of this translation unit
int count=0,i,a,b;
^
addition.c(2): warning: no previous extern declaration for non-static variable 'b' [-Wmissing-variable-declarations]
int count=0,i,a,b;
                ^
addition.c(2): note: declare 'static' if the variable is not intended to be used outside of this translation unit
int count=0,i,a,b;
^
7 warnings generated.
linking...
Program Size: Code=960 RO-data=268 RW-data=20 ZI-data=1648  
".\Objects\addition.axf" - 0 Error(s), 7 Warning(s).

<h2>Software Packages used:</h2>

Package Vendor: ARM
                http://www.keil.com/pack/ARM.CMSIS.5.8.0.pack
                ARM.CMSIS.5.8.0
                CMSIS (Common Microcontroller Software Interface Standard)
   * Component: CORE Version: 5.5.0

Package Vendor: Keil
                http://www.keil.com/pack/Keil.STM32F1xx_DFP.2.3.0.pack
                Keil.STM32F1xx_DFP.2.3.0
                STMicroelectronics STM32F1 Series Device Support, Drivers and Examples
   * Component: Startup Version: 1.0.0

<h2>Collection of Component include folders:</h2>
  .\RTE\Device\STM32F103C8
  .\RTE\_Target_1
  C:\Users\user\AppData\Local\Arm\Packs\ARM\CMSIS\5.8.0\CMSIS\Core\Include
  C:\Users\user\AppData\Local\Arm\Packs\Keil\STM32F1xx_DFP\2.3.0\Device\Include

<h2>Collection of Component Files used:</h2>

   * Component: ARM::CMSIS:CORE:5.5.0

   * Component: Keil::Device:Startup:1.0.0
      Source file:   Device\Source\ARM\startup_stm32f10x_md.s
      Source file:   Device\Source\system_stm32f10x.c
      Include file:  RTE_Driver\Config\RTE_Device.h
      Source file:   Device\Source\ARM\STM32F1xx_OPT.s
Build Time Elapsed:  00:00:01
</pre>
</body>
</html>
